// Jest Snapshot v1, https://goo.gl/fbAQLP

exports[`should handle identifier with dashes 1`] = `
# Title

Paragraph 1.

Paragraph 2.

`;

exports[`should handle identifier with spaces 1`] = `
# Title

Paragraph 1.

Paragraph 2.

`;

exports[`should handle mdx 1`] = `
import something from 'something';

export const meta = {
prop: 'value',
};

# Title

Paragraph 1.

Paragraph 2.

`;

exports[`should handle no spacing in excerpt comment 1`] = `
# Title

Paragraph 1.

Paragraph 2.

`;

exports[`should return after excerpt when multiple exist 1`] = `
# Title

Paragraph 1.

`;

exports[`should return excerpt using "excerpt" identifier 1`] = `
# Title

Paragraph 1.

Paragraph 2.

`;

exports[`should return excerpt using "more" identifier 1`] = `
# Title

Paragraph 1.

Paragraph 2.

`;

exports[`should return excerpt using "preview" identifier 1`] = `
# Title

Paragraph 1.

Paragraph 2.

`;

exports[`should return excerpt using "teaser" identifier 1`] = `
# Title

Paragraph 1.

Paragraph 2.

`;

exports[`should return excerpt using custom identifier 1`] = `
# Title

Paragraph 1.

Paragraph 2.

`;

exports[`should return unmodified document when comment exists 1`] = `
# Title

Paragraph 1.

Paragraph 2.

<!-- comment -->

Paragraph 3.

Paragraph 4.

`;

exports[`should return unmodified document when no excerpt exists 1`] = `
# Title

Paragraph 1.

Paragraph 2.

Paragraph 3.

Paragraph 4.

`;
